// Jest Snapshot v1, https://goo.gl/fbAQLP

exports[`<Cover /> render content 1`] = `
<styled.div>
  <Styled(t)
    alt="Titulo"
    className="animate__fadeIn"
    effect="opacity"
    src="https://example.png"
  />
  <div>
    <styled.h3>
      Titulo
    </styled.h3>
    <styled.h5>
      Subtitle
    </styled.h5>
  </div>
</styled.div>
`;
